// Jest Snapshot v1, https://goo.gl/fbAQLP

exports[`DeployErrorDialog - RepoIsAhead should render without crashing 1`] = `
Object {
  "body": <React.Fragment>
    <p>
      This Git repo has uncommitted changes. You may want to commit them before continuing.
    </p>
  </React.Fragment>,
  "title": "Unable to deploy",
}
`;
