// Jest Snapshot v1, https://goo.gl/fbAQLP

exports[`ExceptionElement Element renders without crashing 1`] = `"<div class=\\"stException\\"><div role=\\"alert\\" data-baseweb=\\"notification\\" class=\\"\\"><div class=\\"\\"><div class=\\"css-rf8ovt-StyledAlertContent e13vu3m50\\"><div class=\\"css-v4yj4o-StyledExceptionContainer e1m3hlzs4\\"><div class=\\"message\\"><span class=\\"css-16kzg6a-StyledMessageType e1m3hlzs2\\">RuntimeError</span>: This is an exception of type RuntimeError</div><div class=\\"css-i19xpg-StyledStackTraceTitle e1m3hlzs1\\">Traceback:</div><pre class=\\"css-7aevv7-StyledStackTrace e1m3hlzs0\\"><code><div class=\\"css-j3p1f6-StyledStackTraceRow e1m3hlzs3\\">step 1</div><div class=\\"css-j3p1f6-StyledStackTraceRow e1m3hlzs3\\">step 2</div><div class=\\"css-j3p1f6-StyledStackTraceRow e1m3hlzs3\\">step 3</div></code></pre></div></div></div></div></div>"`;

exports[`ExceptionElement Element should render markdown when it has messageIsMarkdown 1`] = `
Object {
  "allowHTML": false,
  "source": "**RuntimeError**: This is an exception of type RuntimeError",
}
`;
