// Jest Snapshot v1, https://goo.gl/fbAQLP

exports[`DeployErrorDialog - NoRepositoryDetected should render without crashing 1`] = `
Object {
  "body": <StyledParagraph>
    The appâ€™s code is not connected to a remote GitHub repository. To deploy on Streamlit Community Cloud, please put your code in a GitHub repository and publish the current branch. Read more in
     
    <a
      href="https://docs.streamlit.io/streamlit-community-cloud/get-started"
      rel="noopener noreferrer"
      target="_blank"
    >
      our documentation
    </a>
    .
  </StyledParagraph>,
  "title": "Unable to deploy",
}
`;
