// Jest Snapshot v1, https://goo.gl/fbAQLP

exports[`PlotlyChart Element Render iframe should render an iframe 1`] = `
Object {
  "src": "http://url.test",
  "style": Object {
    "height": 450,
    "width": 0,
  },
  "title": "Plotly",
}
`;
