// Jest Snapshot v1, https://goo.gl/fbAQLP

exports[`Spinner component renders without crashing 1`] = `"<div class=\\"css-yprxax-StyledSpinnerContainer e17lx80j0\\"><div class=\\"css-55asu9-ThemedStyledSpinner e17lx80j1 \\"></div><div data-testid=\\"stMarkdownContainer\\" class=\\"css-5r63x0-StyledStreamlitMarkdown e16nr0p33\\"><p>Loading...</p></div></div>"`;
