// Jest Snapshot v1, https://goo.gl/fbAQLP

exports[`Renders ThemeCreatorDialog renders theme creator dialog 1`] = `
<Modal
  animate={false}
  isOpen={true}
  onClose={[MockFunction]}
>
  <ModalHeader>
    <StyledBackButton
      onClick={[Function]}
    />
    Edit active theme
  </ModalHeader>
  <ModalBody>
    <StyledDialogBody>
      <StyledFullRow>
        <StyledSmall>
          Changes made to the active theme will exist for the duration of a session. To discard changes and recover the original theme, refresh the page.
        </StyledSmall>
      </StyledFullRow>
      <ThemeOption
        name="primaryColor"
        value="#ff4b4b"
      />
      <ThemeOption
        name="backgroundColor"
        value="#ffffff"
      />
      <ThemeOption
        name="textColor"
        value="#31333F"
      />
      <ThemeOption
        name="secondaryBackgroundColor"
        value="#f0f2f6"
      />
      <StyledFullRow>
        <ThemeOption
          name="font"
          value="0"
        />
      </StyledFullRow>
      <StyledFullRow>
        <StyledHr />
      </StyledFullRow>
      <StyledFullRow>
        <StyledSmall>
          To save your changes, copy your custom theme into the clipboard and paste it into the
          <code>
            [theme]
          </code>
           section of your
           
          <code>
            .streamlit/config.toml
          </code>
           file.
        </StyledSmall>
        <div>
          <Button
            kind="secondary"
            onClick={[Function]}
          >
            Copy theme to clipboard
          </Button>
        </div>
      </StyledFullRow>
    </StyledDialogBody>
  </ModalBody>
</Modal>
`;
